{
  "source_hash": "891e69aad11b52b4",
  "ast_summary": {
    "language": "Python",
    "root_type": "Module",
    "total_nodes": 1702,
    "node_type_counts": {
      "Other(\"dictionary_splat\")": 3,
      "Other(\"format_specifier\")": 4,
      "BlockStatement": 61,
      "Other(\"none\")": 3,
      "Other(\"binary_operator\")": 22,
      "Other(\"yield\")": 3,
      "Other(\"with_item\")": 1,
      "Other(\"parenthesized_expression\")": 5,
      "Other(\"typed_default_parameter\")": 5,
      "Other(\"raise_statement\")": 2,
      "Other(\"ellipsis\")": 1,
      "Other(\"dotted_name\")": 21,
      "Other(\"list_comprehension\")": 4,
      "Other(\"true\")": 1,
      "Other(\"finally_clause\")": 1,
      "Other(\"slice\")": 1,
      "Other(\"if_clause\")": 2,
      "Other(\"unary_operator\")": 2,
      "Other(\"pattern_list\")": 2,
      "Other(\"string_end\")": 47,
      "Other(\"typed_parameter\")": 15,
      "Other(\"try_statement\")": 2,
      "Other(\"keyword_argument\")": 8,
      "Other(\"type_parameter\")": 16,
      "Other(\"comparison_operator\")": 6,
      "Other(\"dictionary_comprehension\")": 1,
      "MemberExpression": 68,
      "Other(\"augmented_assignment\")": 1,
      "CallExpression": 73,
      "Other(\"parameters\")": 36,
      "ReturnStatement": 23,
      "Other(\"list_splat\")": 3,
      "Other(\"string_start\")": 47,
      "Other(\"async\")": 11,
      "ForStatement": 5,
      "IfStatement": 5,
      "Other(\"generic_type\")": 16,
      "Other(\"string_content\")": 52,
      "Other(\"argument_list\")": 80,
      "FunctionDeclaration": 36,
      "Other(\"dictionary_splat_pattern\")": 3,
      "Literal": 104,
      "Other(\"list\")": 6,
      "VariableDeclaration": 49,
      "Other(\"as_pattern_target\")": 1,
      "Decorator": 10,
      "Other(\"pair\")": 5,
      "Other(\"as\")": 1,
      "Other(\"def\")": 36,
      "Other(\"pass_statement\")": 2,
      "Other(\"assert_statement\")": 1,
      "Other(\"interpolation\")": 19,
      "Other(\"with_statement\")": 1,
      "Other(\"generator_expression\")": 1,
      "Other(\"dictionary\")": 5,
      "Other(\"from\")": 5,
      "Other(\"list_splat_pattern\")": 3,
      "Module": 1,
      "Other(\"with_clause\")": 1,
      "Other(\"expression_statement\")": 89,
      "Other(\"subscript\")": 6,
      "ClassDeclaration": 10,
      "Other(\"import\")": 8,
      "Other(\"decorated_definition\")": 9,
      "Other(\"type\")": 67,
      "Other(\"as_pattern\")": 1,
      "ImportDeclaration": 8,
      "Other(\"class\")": 10,
      "Other(\"except_clause\")": 1,
      "Identifier": 520,
      "Other(\"for_in_clause\")": 6,
      "Other(\"await\")": 18
    }
  },
  "entities": [
    {
      "name": "AsyncProcessor",
      "entity_type": "Class",
      "location_summary": "182:0-218:54",
      "has_visibility": false,
      "modifiers_count": 0
    },
    {
      "name": "COMPLETED",
      "entity_type": "Variable",
      "location_summary": "24:4-24:22",
      "has_visibility": false,
      "modifiers_count": 0
    },
    {
      "name": "Circle",
      "entity_type": "Class",
      "location_summary": "146:0-158:44",
      "has_visibility": false,
      "modifiers_count": 0
    },
    {
      "name": "Container",
      "entity_type": "Class",
      "location_summary": "161:0-179:22",
      "has_visibility": false,
      "modifiers_count": 0
    },
    {
      "name": "DatabaseManager",
      "entity_type": "Class",
      "location_summary": "86:0-109:36",
      "has_visibility": false,
      "modifiers_count": 0
    },
    {
      "name": "Drawable",
      "entity_type": "Class",
      "location_summary": "70:0-72:11",
      "has_visibility": false,
      "modifiers_count": 0
    },
    {
      "name": "FAILED",
      "entity_type": "Variable",
      "location_summary": "25:4-25:19",
      "has_visibility": false,
      "modifiers_count": 0
    },
    {
      "name": "K",
      "entity_type": "Variable",
      "location_summary": "17:0-17:16",
      "has_visibility": false,
      "modifiers_count": 0
    },
    {
      "name": "PENDING",
      "entity_type": "Variable",
      "location_summary": "22:4-22:20",
      "has_visibility": false,
      "modifiers_count": 0
    },
    {
      "name": "PROCESSING",
      "entity_type": "Variable",
      "location_summary": "23:4-23:23",
      "has_visibility": false,
      "modifiers_count": 0
    },
    {
      "name": "Point",
      "entity_type": "Class",
      "location_summary": "76:0-83:91",
      "has_visibility": false,
      "modifiers_count": 0
    },
    {
      "name": "Rectangle",
      "entity_type": "Class",
      "location_summary": "130:0-143:47",
      "has_visibility": false,
      "modifiers_count": 0
    },
    {
      "name": "Shape",
      "entity_type": "Class",
      "location_summary": "112:0-127:87",
      "has_visibility": false,
      "modifiers_count": 0
    },
    {
      "name": "Singleton",
      "entity_type": "Class",
      "location_summary": "59:0-66:34",
      "has_visibility": false,
      "modifiers_count": 0
    },
    {
      "name": "Status",
      "entity_type": "Class",
      "location_summary": "21:0-25:19",
      "has_visibility": false,
      "modifiers_count": 0
    },
    {
      "name": "T",
      "entity_type": "Variable",
      "location_summary": "16:0-16:16",
      "has_visibility": false,
      "modifiers_count": 0
    },
    {
      "name": "V",
      "entity_type": "Variable",
      "location_summary": "18:0-18:16",
      "has_visibility": false,
      "modifiers_count": 0
    },
    {
      "name": "__call__",
      "entity_type": "Method",
      "location_summary": "63:4-66:34",
      "has_visibility": false,
      "modifiers_count": 0
    },
    {
      "name": "__init__",
      "entity_type": "Method",
      "location_summary": "89:4-91:36",
      "has_visibility": false,
      "modifiers_count": 0
    },
    {
      "name": "__init__",
      "entity_type": "Method",
      "location_summary": "115:4-116:24",
      "has_visibility": false,
      "modifiers_count": 0
    },
    {
      "name": "__init__",
      "entity_type": "Method",
      "location_summary": "131:4-134:28",
      "has_visibility": false,
      "modifiers_count": 0
    },
    {
      "name": "__init__",
      "entity_type": "Method",
      "location_summary": "147:4-149:28",
      "has_visibility": false,
      "modifiers_count": 0
    },
    {
      "name": "__init__",
      "entity_type": "Method",
      "location_summary": "164:4-165:33",
      "has_visibility": false,
      "modifiers_count": 0
    },
    {
      "name": "__init__",
      "entity_type": "Method",
      "location_summary": "185:4-187:32",
      "has_visibility": false,
      "modifiers_count": 0
    },
    {
      "name": "__str__",
      "entity_type": "Method",
      "location_summary": "126:4-127:87",
      "has_visibility": false,
      "modifiers_count": 0
    },
    {
      "name": "_batch_items",
      "entity_type": "Method",
      "location_summary": "207:4-212:54",
      "has_visibility": false,
      "modifiers_count": 0
    },
    {
      "name": "_instances",
      "entity_type": "Variable",
      "location_summary": "61:4-61:19",
      "has_visibility": false,
      "modifiers_count": 0
    },
    {
      "name": "_process_batch",
      "entity_type": "Method",
      "location_summary": "214:4-218:54",
      "has_visibility": false,
      "modifiers_count": 0
    },
    {
      "name": "add",
      "entity_type": "Method",
      "location_summary": "167:4-168:32",
      "has_visibility": false,
      "modifiers_count": 0
    },
    {
      "name": "area",
      "entity_type": "Method",
      "location_summary": "119:4-120:12",
      "has_visibility": false,
      "modifiers_count": 0
    },
    {
      "name": "area",
      "entity_type": "Method",
      "location_summary": "136:4-137:39",
      "has_visibility": false,
      "modifiers_count": 0
    },
    {
      "name": "area",
      "entity_type": "Method",
      "location_summary": "151:4-152:41",
      "has_visibility": false,
      "modifiers_count": 0
    },
    {
      "name": "async_retry",
      "entity_type": "Function",
      "location_summary": "41:0-56:20",
      "has_visibility": false,
      "modifiers_count": 0
    },
    {
      "name": "batch",
      "entity_type": "Variable",
      "location_summary": "210:12-210:48",
      "has_visibility": false,
      "modifiers_count": 0
    },
    {
      "name": "calculation_results",
      "entity_type": "Variable",
      "location_summary": "284:4-288:5",
      "has_visibility": false,
      "modifiers_count": 0
    },
    {
      "name": "cls",
      "entity_type": "Variable",
      "location_summary": "65:12-65:67",
      "has_visibility": false,
      "modifiers_count": 0
    },
    {
      "name": "complex_calculation",
      "entity_type": "Function",
      "location_summary": "224:0-248:18",
      "has_visibility": false,
      "modifiers_count": 0
    },
    {
      "name": "connect",
      "entity_type": "Method",
      "location_summary": "94:4-104:19",
      "has_visibility": false,
      "modifiers_count": 0
    },
    {
      "name": "db1",
      "entity_type": "Variable",
      "location_summary": "256:4-256:27",
      "has_visibility": false,
      "modifiers_count": 0
    },
    {
      "name": "db2",
      "entity_type": "Variable",
      "location_summary": "257:4-257:27",
      "has_visibility": false,
      "modifiers_count": 0
    },
    {
      "name": "decorator",
      "entity_type": "Function",
      "location_summary": "43:4-55:22",
      "has_visibility": false,
      "modifiers_count": 0
    },
    {
      "name": "demonstrate_features",
      "entity_type": "Function",
      "location_summary": "252:0-290:30",
      "has_visibility": false,
      "modifiers_count": 0
    },
    {
      "name": "distance",
      "entity_type": "Variable",
      "location_summary": "301:4-301:33",
      "has_visibility": false,
      "modifiers_count": 0
    },
    {
      "name": "distance_to",
      "entity_type": "Method",
      "location_summary": "82:4-83:91",
      "has_visibility": false,
      "modifiers_count": 0
    },
    {
      "name": "draw",
      "entity_type": "Method",
      "location_summary": "71:4-72:11",
      "has_visibility": false,
      "modifiers_count": 0
    },
    {
      "name": "draw",
      "entity_type": "Method",
      "location_summary": "142:4-143:47",
      "has_visibility": false,
      "modifiers_count": 0
    },
    {
      "name": "draw",
      "entity_type": "Method",
      "location_summary": "157:4-158:44",
      "has_visibility": false,
      "modifiers_count": 0
    },
    {
      "name": "drawable_shapes",
      "entity_type": "Variable",
      "location_summary": "266:4-266:86",
      "has_visibility": false,
      "modifiers_count": 0
    },
    {
      "name": "end_time",
      "entity_type": "Variable",
      "location_summary": "35:8-35:30",
      "has_visibility": false,
      "modifiers_count": 0
    },
    {
      "name": "filter",
      "entity_type": "Method",
      "location_summary": "173:4-174:64",
      "has_visibility": false,
      "modifiers_count": 0
    },
    {
      "name": "get_all",
      "entity_type": "Method",
      "location_summary": "170:4-171:33",
      "has_visibility": false,
      "modifiers_count": 0
    },
    {
      "name": "get_connection_count",
      "entity_type": "Method",
      "location_summary": "107:4-109:36",
      "has_visibility": false,
      "modifiers_count": 0
    },
    {
      "name": "items",
      "entity_type": "Variable",
      "location_summary": "271:8-271:48",
      "has_visibility": false,
      "modifiers_count": 0
    },
    {
      "name": "iterate",
      "entity_type": "Method",
      "location_summary": "177:4-179:22",
      "has_visibility": false,
      "modifiers_count": 0
    },
    {
      "name": "metadata",
      "entity_type": "Variable",
      "location_summary": "80:4-80:58",
      "has_visibility": false,
      "modifiers_count": 0
    },
    {
      "name": "p1",
      "entity_type": "Variable",
      "location_summary": "299:4-299:47",
      "has_visibility": false,
      "modifiers_count": 0
    },
    {
      "name": "p2",
      "entity_type": "Variable",
      "location_summary": "300:4-300:29",
      "has_visibility": false,
      "modifiers_count": 0
    },
    {
      "name": "perimeter",
      "entity_type": "Method",
      "location_summary": "123:4-124:12",
      "has_visibility": false,
      "modifiers_count": 0
    },
    {
      "name": "perimeter",
      "entity_type": "Method",
      "location_summary": "139:4-140:45",
      "has_visibility": false,
      "modifiers_count": 0
    },
    {
      "name": "perimeter",
      "entity_type": "Method",
      "location_summary": "154:4-155:40",
      "has_visibility": false,
      "modifiers_count": 0
    },
    {
      "name": "process_items",
      "entity_type": "Method",
      "location_summary": "199:4-205:22",
      "has_visibility": false,
      "modifiers_count": 0
    },
    {
      "name": "processed_batch",
      "entity_type": "Variable",
      "location_summary": "203:12-203:62",
      "has_visibility": false,
      "modifiers_count": 0
    },
    {
      "name": "processed_values",
      "entity_type": "Variable",
      "location_summary": "236:8-236:68",
      "has_visibility": false,
      "modifiers_count": 0
    },
    {
      "name": "processing_session",
      "entity_type": "Method",
      "location_summary": "190:4-197:36",
      "has_visibility": false,
      "modifiers_count": 0
    },
    {
      "name": "processor",
      "entity_type": "Variable",
      "location_summary": "269:4-269:44",
      "has_visibility": false,
      "modifiers_count": 0
    },
    {
      "name": "progress_callback",
      "entity_type": "Function",
      "location_summary": "281:4-282:43",
      "has_visibility": false,
      "modifiers_count": 0
    },
    {
      "name": "result",
      "entity_type": "Variable",
      "location_summary": "34:8-34:38",
      "has_visibility": false,
      "modifiers_count": 0
    },
    {
      "name": "result",
      "entity_type": "Variable",
      "location_summary": "242:8-242:49",
      "has_visibility": false,
      "modifiers_count": 0
    },
    {
      "name": "results",
      "entity_type": "Variable",
      "location_summary": "201:8-201:20",
      "has_visibility": false,
      "modifiers_count": 0
    },
    {
      "name": "results",
      "entity_type": "Variable",
      "location_summary": "232:4-232:16",
      "has_visibility": false,
      "modifiers_count": 0
    },
    {
      "name": "results",
      "entity_type": "Variable",
      "location_summary": "243:8-243:29",
      "has_visibility": false,
      "modifiers_count": 0
    },
    {
      "name": "results",
      "entity_type": "Variable",
      "location_summary": "272:8-272:54",
      "has_visibility": false,
      "modifiers_count": 0
    },
    {
      "name": "results",
      "entity_type": "Variable",
      "location_summary": "295:4-295:49",
      "has_visibility": false,
      "modifiers_count": 0
    },
    {
      "name": "self",
      "entity_type": "Variable",
      "location_summary": "90:8-90:45",
      "has_visibility": false,
      "modifiers_count": 0
    },
    {
      "name": "self",
      "entity_type": "Variable",
      "location_summary": "91:8-91:36",
      "has_visibility": false,
      "modifiers_count": 0
    },
    {
      "name": "self",
      "entity_type": "Variable",
      "location_summary": "102:8-102:54",
      "has_visibility": false,
      "modifiers_count": 0
    },
    {
      "name": "self",
      "entity_type": "Variable",
      "location_summary": "103:8-103:38",
      "has_visibility": false,
      "modifiers_count": 0
    },
    {
      "name": "self",
      "entity_type": "Variable",
      "location_summary": "116:8-116:24",
      "has_visibility": false,
      "modifiers_count": 0
    },
    {
      "name": "self",
      "entity_type": "Variable",
      "location_summary": "133:8-133:26",
      "has_visibility": false,
      "modifiers_count": 0
    },
    {
      "name": "self",
      "entity_type": "Variable",
      "location_summary": "134:8-134:28",
      "has_visibility": false,
      "modifiers_count": 0
    },
    {
      "name": "self",
      "entity_type": "Variable",
      "location_summary": "149:8-149:28",
      "has_visibility": false,
      "modifiers_count": 0
    },
    {
      "name": "self",
      "entity_type": "Variable",
      "location_summary": "165:8-165:33",
      "has_visibility": false,
      "modifiers_count": 0
    },
    {
      "name": "self",
      "entity_type": "Variable",
      "location_summary": "186:8-186:36",
      "has_visibility": false,
      "modifiers_count": 0
    },
    {
      "name": "self",
      "entity_type": "Variable",
      "location_summary": "187:8-187:32",
      "has_visibility": false,
      "modifiers_count": 0
    },
    {
      "name": "self",
      "entity_type": "Variable",
      "location_summary": "197:12-197:36",
      "has_visibility": false,
      "modifiers_count": 0
    },
    {
      "name": "shape_container",
      "entity_type": "Variable",
      "location_summary": "261:4-261:51",
      "has_visibility": false,
      "modifiers_count": 0
    },
    {
      "name": "squared",
      "entity_type": "Variable",
      "location_summary": "239:8-239:78",
      "has_visibility": false,
      "modifiers_count": 0
    },
    {
      "name": "start_time",
      "entity_type": "Variable",
      "location_summary": "33:8-33:32",
      "has_visibility": false,
      "modifiers_count": 0
    },
    {
      "name": "test_data",
      "entity_type": "Variable",
      "location_summary": "275:4-279:5",
      "has_visibility": false,
      "modifiers_count": 0
    },
    {
      "name": "timing_decorator",
      "entity_type": "Function",
      "location_summary": "29:0-38:18",
      "has_visibility": false,
      "modifiers_count": 0
    },
    {
      "name": "wrapper",
      "entity_type": "Function",
      "location_summary": "32:4-37:21",
      "has_visibility": false,
      "modifiers_count": 0
    },
    {
      "name": "wrapper",
      "entity_type": "Function",
      "location_summary": "45:8-54:23",
      "has_visibility": false,
      "modifiers_count": 0
    },
    {
      "name": "x",
      "entity_type": "Variable",
      "location_summary": "77:4-77:12",
      "has_visibility": false,
      "modifiers_count": 0
    },
    {
      "name": "y",
      "entity_type": "Variable",
      "location_summary": "78:4-78:12",
      "has_visibility": false,
      "modifiers_count": 0
    },
    {
      "name": "z",
      "entity_type": "Variable",
      "location_summary": "79:4-79:18",
      "has_visibility": false,
      "modifiers_count": 0
    }
  ],
  "relations": [
    {
      "from_entity": "current_module",
      "to_entity": "abc",
      "relation_type": "ImportModule",
      "location_summary": "11:0-11:35"
    },
    {
      "from_entity": "current_module",
      "to_entity": "asyncio",
      "relation_type": "ImportModule",
      "location_summary": "6:0-6:14"
    },
    {
      "from_entity": "current_module",
      "to_entity": "contextlib",
      "relation_type": "ImportModule",
      "location_summary": "12:0-12:42"
    },
    {
      "from_entity": "current_module",
      "to_entity": "dataclasses",
      "relation_type": "ImportModule",
      "location_summary": "10:0-10:40"
    },
    {
      "from_entity": "current_module",
      "to_entity": "enum",
      "relation_type": "ImportModule",
      "location_summary": "13:0-13:27"
    },
    {
      "from_entity": "current_module",
      "to_entity": "functools",
      "relation_type": "ImportModule",
      "location_summary": "7:0-7:16"
    },
    {
      "from_entity": "current_module",
      "to_entity": "time",
      "relation_type": "ImportModule",
      "location_summary": "8:0-8:11"
    },
    {
      "from_entity": "current_module",
      "to_entity": "typing",
      "relation_type": "ImportModule",
      "location_summary": "9:0-9:67"
    }
  ],
  "metrics": {
    "total_lines": 302,
    "classes_count": 10,
    "functions_count": 36,
    "complexity_score": 55.87,
    "language_specific_keys": [
      "comprehensions_count",
      "decorators_count"
    ]
  }
}